// Jest Snapshot v1, https://goo.gl/fbAQLP

exports[`CartItem renders correctly 1`] = `
<View
  style={
    {
      "backgroundColor": "#fff",
      "borderBottomColor": "#ddd",
      "borderBottomWidth": 1,
      "borderRadius": 8,
      "elevation": 2,
      "flexDirection": "row",
      "justifyContent": "space-between",
      "marginHorizontal": 16,
      "marginVertical": 8,
      "padding": 16,
      "shadowColor": "#000",
      "shadowOffset": {
        "height": 2,
        "width": 0,
      },
      "shadowOpacity": 0.1,
      "shadowRadius": 8,
    }
  }
>
  <Image
    source={
      {
        "uri": "https://example.com/image.jpg",
      }
    }
    style={
      {
        "borderRadius": 8,
        "height": 80,
        "marginRight": 16,
        "width": 80,
      }
    }
  />
  <View
    style={
      {
        "flex": 1,
      }
    }
  >
    <Text
      style={
        {
          "fontSize": 16,
          "fontWeight": "bold",
          "marginBottom": 8,
        }
      }
    >
      Product Name
    </Text>
    <Text
      style={
        {
          "color": "#666",
          "fontSize": 16,
          "marginBottom": 8,
        }
      }
    >
      $
      100
    </Text>
    <View
      style={
        {
          "alignItems": "center",
          "flexDirection": "row",
          "marginBottom": 8,
        }
      }
    >
      <View
        accessibilityState={
          {
            "busy": undefined,
            "checked": undefined,
            "disabled": true,
            "expanded": undefined,
            "selected": undefined,
          }
        }
        accessibilityValue={
          {
            "max": undefined,
            "min": undefined,
            "now": undefined,
            "text": undefined,
          }
        }
        accessible={true}
        collapsable={false}
        focusable={true}
        onClick={[Function]}
        onResponderGrant={[Function]}
        onResponderMove={[Function]}
        onResponderRelease={[Function]}
        onResponderTerminate={[Function]}
        onResponderTerminationRequest={[Function]}
        onStartShouldSetResponder={[Function]}
        style={
          {
            "opacity": 1,
          }
        }
      >
        <View
          style={
            {
              "alignItems": "center",
              "backgroundColor": "#ddd",
              "borderRadius": 12,
              "height": 24,
              "justifyContent": "center",
              "width": 24,
            }
          }
        >
          <Text />
        </View>
      </View>
      <Text
        style={
          {
            "color": "#666",
            "fontSize": 16,
            "marginHorizontal": 10,
          }
        }
      >
        1
      </Text>
      <View
        accessibilityState={
          {
            "busy": undefined,
            "checked": undefined,
            "disabled": undefined,
            "expanded": undefined,
            "selected": undefined,
          }
        }
        accessibilityValue={
          {
            "max": undefined,
            "min": undefined,
            "now": undefined,
            "text": undefined,
          }
        }
        accessible={true}
        collapsable={false}
        focusable={true}
        onClick={[Function]}
        onResponderGrant={[Function]}
        onResponderMove={[Function]}
        onResponderRelease={[Function]}
        onResponderTerminate={[Function]}
        onResponderTerminationRequest={[Function]}
        onStartShouldSetResponder={[Function]}
        style={
          {
            "opacity": 1,
          }
        }
      >
        <View
          style={
            {
              "alignItems": "center",
              "backgroundColor": "#ddd",
              "borderRadius": 12,
              "height": 24,
              "justifyContent": "center",
              "width": 24,
            }
          }
        >
          <Text />
        </View>
      </View>
    </View>
    <View
      accessibilityState={
        {
          "busy": undefined,
          "checked": undefined,
          "disabled": undefined,
          "expanded": undefined,
          "selected": undefined,
        }
      }
      accessibilityValue={
        {
          "max": undefined,
          "min": undefined,
          "now": undefined,
          "text": undefined,
        }
      }
      accessible={true}
      collapsable={false}
      focusable={true}
      onClick={[Function]}
      onResponderGrant={[Function]}
      onResponderMove={[Function]}
      onResponderRelease={[Function]}
      onResponderTerminate={[Function]}
      onResponderTerminationRequest={[Function]}
      onStartShouldSetResponder={[Function]}
      style={
        {
          "opacity": 1,
          "position": "absolute",
          "right": 8,
          "top": 8,
        }
      }
    >
      <Text />
    </View>
  </View>
</View>
`;
