// Jest Snapshot v1, https://goo.gl/fbAQLP

exports[`FilterModal renders correctly 1`] = `
<View
  style={
    {
      "backgroundColor": "rgba(0, 0, 0, 0.5)",
      "flex": 1,
      "justifyContent": "flex-end",
    }
  }
>
  <View
    style={
      {
        "backgroundColor": "white",
        "borderTopLeftRadius": 20,
        "borderTopRightRadius": 20,
        "elevation": 5,
        "padding": 20,
        "shadowColor": "#000",
        "shadowOffset": {
          "height": 2,
          "width": 0,
        },
        "shadowOpacity": 0.25,
        "shadowRadius": 4,
      }
    }
  >
    <Text
      style={
        {
          "fontSize": 18,
          "fontWeight": "bold",
          "marginBottom": 15,
          "textAlign": "center",
        }
      }
    >
      Filter Products
    </Text>
    <View
      style={
        {
          "flexDirection": "row",
          "justifyContent": "space-between",
          "marginBottom": 10,
        }
      }
    >
      <View
        accessibilityState={
          {
            "busy": undefined,
            "checked": undefined,
            "disabled": undefined,
            "expanded": undefined,
            "selected": undefined,
          }
        }
        accessibilityValue={
          {
            "max": undefined,
            "min": undefined,
            "now": undefined,
            "text": undefined,
          }
        }
        accessible={true}
        collapsable={false}
        focusable={true}
        onClick={[Function]}
        onResponderGrant={[Function]}
        onResponderMove={[Function]}
        onResponderRelease={[Function]}
        onResponderTerminate={[Function]}
        onResponderTerminationRequest={[Function]}
        onStartShouldSetResponder={[Function]}
        style={
          {
            "alignItems": "center",
            "backgroundColor": "black",
            "borderColor": "black",
            "borderRadius": 5,
            "borderWidth": 1,
            "flex": 1,
            "flexDirection": "row",
            "marginHorizontal": 5,
            "opacity": 1,
            "padding": 10,
          }
        }
      >
        <Image
          source={
            {
              "uri": "https://i.ibb.co/C17pnkw/nikewhitelogo.png",
            }
          }
          style={
            {
              "height": 20,
              "marginRight": 5,
              "width": 20,
            }
          }
        />
        <Text
          style={
            [
              {
                "color": "black",
                "fontWeight": "bold",
              },
              {
                "color": "white",
              },
            ]
          }
        >
          Nike
        </Text>
      </View>
      <View
        accessibilityState={
          {
            "busy": undefined,
            "checked": undefined,
            "disabled": undefined,
            "expanded": undefined,
            "selected": undefined,
          }
        }
        accessibilityValue={
          {
            "max": undefined,
            "min": undefined,
            "now": undefined,
            "text": undefined,
          }
        }
        accessible={true}
        collapsable={false}
        focusable={true}
        onClick={[Function]}
        onResponderGrant={[Function]}
        onResponderMove={[Function]}
        onResponderRelease={[Function]}
        onResponderTerminate={[Function]}
        onResponderTerminationRequest={[Function]}
        onStartShouldSetResponder={[Function]}
        style={
          {
            "alignItems": "center",
            "backgroundColor": "white",
            "borderColor": "black",
            "borderRadius": 5,
            "borderWidth": 1,
            "flex": 1,
            "flexDirection": "row",
            "marginHorizontal": 5,
            "opacity": 1,
            "padding": 10,
          }
        }
      >
        <Image
          source={
            {
              "uri": "https://i.ibb.co/HT5F046/pumablacklogo.png",
            }
          }
          style={
            {
              "height": 20,
              "marginRight": 5,
              "width": 20,
            }
          }
        />
        <Text
          style={
            [
              {
                "color": "black",
                "fontWeight": "bold",
              },
              false,
            ]
          }
        >
          Puma
        </Text>
      </View>
    </View>
    <View
      style={
        {
          "flexDirection": "row",
          "flexWrap": "wrap",
          "marginBottom": 10,
        }
      }
    >
      <View
        accessibilityState={
          {
            "busy": undefined,
            "checked": undefined,
            "disabled": undefined,
            "expanded": undefined,
            "selected": undefined,
          }
        }
        accessibilityValue={
          {
            "max": undefined,
            "min": undefined,
            "now": undefined,
            "text": undefined,
          }
        }
        accessible={true}
        collapsable={false}
        focusable={true}
        onClick={[Function]}
        onResponderGrant={[Function]}
        onResponderMove={[Function]}
        onResponderRelease={[Function]}
        onResponderTerminate={[Function]}
        onResponderTerminationRequest={[Function]}
        onStartShouldSetResponder={[Function]}
        style={
          {
            "alignItems": "center",
            "backgroundColor": "black",
            "borderColor": "black",
            "borderRadius": 5,
            "borderWidth": 1,
            "margin": 5,
            "opacity": 1,
            "padding": 10,
          }
        }
      >
        <Text
          style={
            [
              {
                "color": "black",
                "fontWeight": "bold",
              },
              {
                "color": "white",
              },
            ]
          }
        >
          Red
        </Text>
      </View>
      <View
        accessibilityState={
          {
            "busy": undefined,
            "checked": undefined,
            "disabled": undefined,
            "expanded": undefined,
            "selected": undefined,
          }
        }
        accessibilityValue={
          {
            "max": undefined,
            "min": undefined,
            "now": undefined,
            "text": undefined,
          }
        }
        accessible={true}
        collapsable={false}
        focusable={true}
        onClick={[Function]}
        onResponderGrant={[Function]}
        onResponderMove={[Function]}
        onResponderRelease={[Function]}
        onResponderTerminate={[Function]}
        onResponderTerminationRequest={[Function]}
        onStartShouldSetResponder={[Function]}
        style={
          {
            "alignItems": "center",
            "backgroundColor": "white",
            "borderColor": "black",
            "borderRadius": 5,
            "borderWidth": 1,
            "margin": 5,
            "opacity": 1,
            "padding": 10,
          }
        }
      >
        <Text
          style={
            [
              {
                "color": "black",
                "fontWeight": "bold",
              },
              false,
            ]
          }
        >
          Blue
        </Text>
      </View>
    </View>
    <TextInput
      keyboardType="numeric"
      onChangeText={[Function]}
      placeholder="Min Price"
      style={
        {
          "borderColor": "#ccc",
          "borderRadius": 5,
          "borderWidth": 1,
          "height": 40,
          "marginBottom": 10,
          "paddingHorizontal": 10,
        }
      }
      value="0"
    />
    <TextInput
      keyboardType="numeric"
      onChangeText={[Function]}
      placeholder="Max Price"
      style={
        {
          "borderColor": "#ccc",
          "borderRadius": 5,
          "borderWidth": 1,
          "height": 40,
          "marginBottom": 10,
          "paddingHorizontal": 10,
        }
      }
      value="100"
    />
    <View
      style={
        {
          "flexDirection": "row",
          "justifyContent": "space-between",
          "marginTop": 10,
        }
      }
    >
      <View
        accessibilityState={
          {
            "busy": undefined,
            "checked": undefined,
            "disabled": undefined,
            "expanded": undefined,
            "selected": undefined,
          }
        }
        accessibilityValue={
          {
            "max": undefined,
            "min": undefined,
            "now": undefined,
            "text": undefined,
          }
        }
        accessible={true}
        collapsable={false}
        focusable={true}
        onClick={[Function]}
        onResponderGrant={[Function]}
        onResponderMove={[Function]}
        onResponderRelease={[Function]}
        onResponderTerminate={[Function]}
        onResponderTerminationRequest={[Function]}
        onStartShouldSetResponder={[Function]}
        style={
          {
            "alignItems": "center",
            "backgroundColor": "black",
            "borderRadius": 5,
            "opacity": 1,
            "padding": 10,
            "width": "48%",
          }
        }
      >
        <Text
          style={
            {
              "color": "white",
              "fontWeight": "bold",
            }
          }
        >
          Apply Filters
        </Text>
      </View>
      <View
        accessibilityState={
          {
            "busy": undefined,
            "checked": undefined,
            "disabled": undefined,
            "expanded": undefined,
            "selected": undefined,
          }
        }
        accessibilityValue={
          {
            "max": undefined,
            "min": undefined,
            "now": undefined,
            "text": undefined,
          }
        }
        accessible={true}
        collapsable={false}
        focusable={true}
        onClick={[Function]}
        onResponderGrant={[Function]}
        onResponderMove={[Function]}
        onResponderRelease={[Function]}
        onResponderTerminate={[Function]}
        onResponderTerminationRequest={[Function]}
        onStartShouldSetResponder={[Function]}
        style={
          {
            "alignItems": "center",
            "backgroundColor": "black",
            "borderRadius": 5,
            "opacity": 1,
            "padding": 10,
            "width": "48%",
          }
        }
      >
        <Text
          style={
            {
              "color": "white",
              "fontWeight": "bold",
            }
          }
        >
          Clear
        </Text>
      </View>
    </View>
  </View>
</View>
`;
